1790249725.545291 client started (1227711): version 3.5a, socket /tmp/tmux-1000/default, protocol 8
1790249725.545313 on Linux 6.12.105+deb13-amd64 #1 SMP PREEMPT_DYNAMIC Debian 6.12.105-1 (2026-08-24)
1790249725.545318 using libevent 2.1.13-stable poll
1790249725.545320 using ncurses 6.5 20250125
1790249725.545333 flags are 0x10010000
1790249725.545344 socket is /tmp/tmux-1000/default
1790249725.545354 trying connect
1790249725.545380 add peer 0x7f107c0a0a80: 6 ((nil))
1790249725.545605 sending message 111 to peer 0x7f107c0a0a80 (8 bytes)
1790249725.545610 sending message 111 to peer 0x7f107c0a0a80 (8 bytes)
1790249725.545613 sending message 101 to peer 0x7f107c0a0a80 (16 bytes)
1790249725.545615 sending message 109 to peer 0x7f107c0a0a80 (4 bytes)
1790249725.545618 sending message 102 to peer 0x7f107c0a0a80 (11 bytes)
1790249725.545621 sending message 108 to peer 0x7f107c0a0a80 (17 bytes)
1790249725.545623 sending message 112 to peer 0x7f107c0a0a80 (70 bytes)
1790249725.545625 sending message 112 to peer 0x7f107c0a0a80 (5 bytes)
1790249725.545628 sending message 112 to peer 0x7f107c0a0a80 (5 bytes)
1790249725.545630 sending message 112 to peer 0x7f107c0a0a80 (6 bytes)
1790249725.545632 sending message 112 to peer 0x7f107c0a0a80 (6 bytes)
1790249725.545635 sending message 112 to peer 0x7f107c0a0a80 (11 bytes)
1790249725.545637 sending message 112 to peer 0x7f107c0a0a80 (10 bytes)
1790249725.545639 sending message 112 to peer 0x7f107c0a0a80 (13 bytes)
1790249725.545641 sending message 112 to peer 0x7f107c0a0a80 (13 bytes)
1790249725.545644 sending message 112 to peer 0x7f107c0a0a80 (18 bytes)
1790249725.545646 sending message 112 to peer 0x7f107c0a0a80 (11 bytes)
1790249725.545648 sending message 112 to peer 0x7f107c0a0a80 (21 bytes)
1790249725.545650 sending message 112 to peer 0x7f107c0a0a80 (13 bytes)
1790249725.545653 sending message 112 to peer 0x7f107c0a0a80 (7 bytes)
1790249725.545655 sending message 112 to peer 0x7f107c0a0a80 (13 bytes)
1790249725.545657 sending message 112 to peer 0x7f107c0a0a80 (7 bytes)
1790249725.545659 sending message 112 to peer 0x7f107c0a0a80 (13 bytes)
1790249725.545661 sending message 112 to peer 0x7f107c0a0a80 (9 bytes)
1790249725.545664 sending message 112 to peer 0x7f107c0a0a80 (21 bytes)
1790249725.545666 sending message 112 to peer 0x7f107c0a0a80 (13 bytes)
1790249725.545668 sending message 112 to peer 0x7f107c0a0a80 (8 bytes)
1790249725.545670 sending message 112 to peer 0x7f107c0a0a80 (12 bytes)
1790249725.545672 sending message 112 to peer 0x7f107c0a0a80 (13 bytes)
1790249725.545674 sending message 112 to peer 0x7f107c0a0a80 (9 bytes)
1790249725.545676 sending message 112 to peer 0x7f107c0a0a80 (9 bytes)
1790249725.545679 sending message 112 to peer 0x7f107c0a0a80 (12 bytes)
1790249725.545681 sending message 112 to peer 0x7f107c0a0a80 (8 bytes)
1790249725.545683 sending message 112 to peer 0x7f107c0a0a80 (7 bytes)
1790249725.545685 sending message 112 to peer 0x7f107c0a0a80 (7 bytes)
1790249725.545687 sending message 112 to peer 0x7f107c0a0a80 (9 bytes)
1790249725.545689 sending message 112 to peer 0x7f107c0a0a80 (13 bytes)
1790249725.545691 sending message 112 to peer 0x7f107c0a0a80 (9 bytes)
1790249725.545693 sending message 112 to peer 0x7f107c0a0a80 (15 bytes)
1790249725.545695 sending message 112 to peer 0x7f107c0a0a80 (13 bytes)
1790249725.545697 sending message 112 to peer 0x7f107c0a0a80 (12 bytes)
1790249725.545700 sending message 112 to peer 0x7f107c0a0a80 (8 bytes)
1790249725.545702 sending message 112 to peer 0x7f107c0a0a80 (14 bytes)
1790249725.545704 sending message 112 to peer 0x7f107c0a0a80 (9 bytes)
1790249725.545706 sending message 112 to peer 0x7f107c0a0a80 (10 bytes)
1790249725.545708 sending message 112 to peer 0x7f107c0a0a80 (10 bytes)
1790249725.545710 sending message 112 to peer 0x7f107c0a0a80 (10 bytes)
1790249725.545712 sending message 112 to peer 0x7f107c0a0a80 (10 bytes)
1790249725.545714 sending message 112 to peer 0x7f107c0a0a80 (11 bytes)
1790249725.545716 sending message 112 to peer 0x7f107c0a0a80 (10 bytes)
1790249725.545718 sending message 112 to peer 0x7f107c0a0a80 (8 bytes)
1790249725.545730 sending message 112 to peer 0x7f107c0a0a80 (11 bytes)
1790249725.545732 sending message 112 to peer 0x7f107c0a0a80 (11 bytes)
1790249725.545735 sending message 112 to peer 0x7f107c0a0a80 (11 bytes)
1790249725.545737 sending message 112 to peer 0x7f107c0a0a80 (8 bytes)
1790249725.545739 sending message 112 to peer 0x7f107c0a0a80 (8 bytes)
1790249725.545741 sending message 112 to peer 0x7f107c0a0a80 (8 bytes)
1790249725.545743 sending message 112 to peer 0x7f107c0a0a80 (10 bytes)
1790249725.545745 sending message 112 to peer 0x7f107c0a0a80 (10 bytes)
1790249725.545747 sending message 112 to peer 0x7f107c0a0a80 (10 bytes)
1790249725.545749 sending message 112 to peer 0x7f107c0a0a80 (10 bytes)
1790249725.545751 sending message 112 to peer 0x7f107c0a0a80 (10 bytes)
1790249725.545753 sending message 112 to peer 0x7f107c0a0a80 (11 bytes)
1790249725.545756 sending message 112 to peer 0x7f107c0a0a80 (11 bytes)
1790249725.545758 sending message 112 to peer 0x7f107c0a0a80 (10 bytes)
1790249725.545761 sending message 112 to peer 0x7f107c0a0a80 (9 bytes)
1790249725.545772 sending message 112 to peer 0x7f107c0a0a80 (9 bytes)
1790249725.545774 sending message 112 to peer 0x7f107c0a0a80 (12 bytes)
1790249725.545776 sending message 112 to peer 0x7f107c0a0a80 (9 bytes)
1790249725.545778 sending message 112 to peer 0x7f107c0a0a80 (6 bytes)
1790249725.545780 sending message 112 to peer 0x7f107c0a0a80 (13 bytes)
1790249725.545783 sending message 112 to peer 0x7f107c0a0a80 (8 bytes)
1790249725.545785 sending message 112 to peer 0x7f107c0a0a80 (15 bytes)
1790249725.545787 sending message 112 to peer 0x7f107c0a0a80 (13 bytes)
1790249725.545789 sending message 112 to peer 0x7f107c0a0a80 (70 bytes)
1790249725.545791 sending message 112 to peer 0x7f107c0a0a80 (69 bytes)
1790249725.545793 sending message 112 to peer 0x7f107c0a0a80 (10 bytes)
1790249725.545795 sending message 112 to peer 0x7f107c0a0a80 (8 bytes)
1790249725.545797 sending message 112 to peer 0x7f107c0a0a80 (15 bytes)
1790249725.545799 sending message 112 to peer 0x7f107c0a0a80 (13 bytes)
1790249725.545801 sending message 112 to peer 0x7f107c0a0a80 (10 bytes)
1790249725.545803 sending message 112 to peer 0x7f107c0a0a80 (10 bytes)
1790249725.545805 sending message 112 to peer 0x7f107c0a0a80 (5 bytes)
1790249725.545807 sending message 112 to peer 0x7f107c0a0a80 (15 bytes)
1790249725.545810 sending message 104 to peer 0x7f107c0a0a80 (0 bytes)
1790249725.545813 sending message 110 to peer 0x7f107c0a0a80 (0 bytes)
1790249725.545815 sending message 107 to peer 0x7f107c0a0a80 (4 bytes)
1790249725.545818 sending message 105 to peer 0x7f107c0a0a80 (54 bytes)
1790249725.545820 sending message 105 to peer 0x7f107c0a0a80 (16 bytes)
1790249725.545822 sending message 105 to peer 0x7f107c0a0a80 (17 bytes)
1790249725.545824 sending message 105 to peer 0x7f107c0a0a80 (8 bytes)
1790249725.545826 sending message 105 to peer 0x7f107c0a0a80 (13 bytes)
1790249725.545828 sending message 105 to peer 0x7f107c0a0a80 (32 bytes)
1790249725.545831 sending message 105 to peer 0x7f107c0a0a80 (1917 bytes)
1790249725.545833 sending message 105 to peer 0x7f107c0a0a80 (15 bytes)
1790249725.545835 sending message 105 to peer 0x7f107c0a0a80 (18 bytes)
1790249725.545837 sending message 105 to peer 0x7f107c0a0a80 (11 bytes)
1790249725.545839 sending message 105 to peer 0x7f107c0a0a80 (89 bytes)
1790249725.545841 sending message 105 to peer 0x7f107c0a0a80 (21 bytes)
1790249725.545844 sending message 105 to peer 0x7f107c0a0a80 (19 bytes)
1790249725.545846 sending message 105 to peer 0x7f107c0a0a80 (8 bytes)
1790249725.545848 sending message 105 to peer 0x7f107c0a0a80 (34 bytes)
1790249725.545850 sending message 105 to peer 0x7f107c0a0a80 (52 bytes)
1790249725.545852 sending message 105 to peer 0x7f107c0a0a80 (19 bytes)
1790249725.545854 sending message 105 to peer 0x7f107c0a0a80 (21 bytes)
1790249725.545856 sending message 105 to peer 0x7f107c0a0a80 (18 bytes)
1790249725.545858 sending message 105 to peer 0x7f107c0a0a80 (26 bytes)
1790249725.545866 sending message 105 to peer 0x7f107c0a0a80 (38 bytes)
1790249725.545871 sending message 105 to peer 0x7f107c0a0a80 (13 bytes)
1790249725.545873 sending message 105 to peer 0x7f107c0a0a80 (10 bytes)
1790249725.545875 sending message 105 to peer 0x7f107c0a0a80 (31 bytes)
1790249725.545877 sending message 105 to peer 0x7f107c0a0a80 (23 bytes)
1790249725.545880 sending message 105 to peer 0x7f107c0a0a80 (19 bytes)
1790249725.545882 sending message 105 to peer 0x7f107c0a0a80 (21 bytes)
1790249725.545884 sending message 105 to peer 0x7f107c0a0a80 (26 bytes)
1790249725.545886 sending message 105 to peer 0x7f107c0a0a80 (26 bytes)
1790249725.545888 sending message 105 to peer 0x7f107c0a0a80 (38 bytes)
1790249725.545890 sending message 105 to peer 0x7f107c0a0a80 (28 bytes)
1790249725.545892 sending message 105 to peer 0x7f107c0a0a80 (16 bytes)
1790249725.545894 sending message 105 to peer 0x7f107c0a0a80 (74 bytes)
1790249725.545896 sending message 105 to peer 0x7f107c0a0a80 (42 bytes)
1790249725.545899 sending message 106 to peer 0x7f107c0a0a80 (0 bytes)
1790249725.545926 sending message 200 to peer 0x7f107c0a0a80 (4 bytes)
1790249725.545928 client loop enter
1790249725.546477 peer 0x7f107c0a0a80 message 303
1790249725.546485 open write file 2 -
1790249725.546494 sending message 305 to peer 0x7f107c0a0a80 (8 bytes)
1790249725.546503 write check file 2
1790249725.546765 peer 0x7f107c0a0a80 message 304
1790249725.546773 write 58 to file 2
1790249725.546781 peer 0x7f107c0a0a80 message 203
1790249725.546784 file 2 58 bytes left
1790249725.546799 write check file 2
1790249725.546801 client loop exit
